Microsoft Windows [Version 10.0.22621.1992]
(c) Microsoft Corporation. All rights reserved.

C:\Users\Ananthu R Krishnan>git
usage: git [-v | --version] [-h | --help] [-C <path>] [-c <name>=<value>]
           [--exec-path[=<path>]] [--html-path] [--man-path] [--info-path]
           [-p | --paginate | -P | --no-pager] [--no-replace-objects] [--bare]
           [--git-dir=<path>] [--work-tree=<path>] [--namespace=<name>]
           [--config-env=<name>=<envvar>] <command> [<args>]

These are common Git commands used in various situations:

start a working area (see also: git help tutorial)
   clone     Clone a repository into a new directory
   init      Create an empty Git repository or reinitialize an existing one

work on the current change (see also: git help everyday)
   add       Add file contents to the index
   mv        Move or rename a file, a directory, or a symlink
   restore   Restore working tree files
   rm        Remove files from the working tree and from the index

examine the history and state (see also: git help revisions)
   bisect    Use binary search to find the commit that introduced a bug
   diff      Show changes between commits, commit and working tree, etc
   grep      Print lines matching a pattern
   log       Show commit logs
   show      Show various types of objects
   status    Show the working tree status

grow, mark and tweak your common history
   branch    List, create, or delete branches
   commit    Record changes to the repository
   merge     Join two or more development histories together
   rebase    Reapply commits on top of another base tip
   reset     Reset current HEAD to the specified state
   switch    Switch branches
   tag       Create, list, delete or verify a tag object signed with GPG

collaborate (see also: git help workflows)
   fetch     Download objects and refs from another repository
   pull      Fetch from and integrate with another repository or a local branch
   push      Update remote refs along with associated objects

'git help -a' and 'git help -g' list available subcommands and some
concept guides. See 'git help <command>' or 'git help <concept>'
to read about a specific subcommand or concept.
See 'git help git' for an overview of the system.

C:\Users\Ananthu R Krishnan>cd C:\Users\Ananthu R Krishnan\OneDrive\Desktop\python code\new

C:\Users\Ananthu R Krishnan\OneDrive\Desktop\python code\new>git init
Initialized empty Git repository in C:/Users/Ananthu R Krishnan/OneDrive/Desktop/python code/new/.git/

C:\Users\Ananthu R Krishnan\OneDrive\Desktop\python code\new>ls
'ls' is not recognized as an internal or external command,
operable program or batch file.

C:\Users\Ananthu R Krishnan\OneDrive\Desktop\python code\new>dir
 Volume in drive C is Windows
 Volume Serial Number is 3E9D-5BFC

 Directory of C:\Users\Ananthu R Krishnan\OneDrive\Desktop\python code\new

20-07-2023  13:14    <DIR>          .
20-07-2023  13:14    <DIR>          ..
               0 File(s)              0 bytes
               2 Dir(s)  24,604,221,440 bytes free

C:\Users\Ananthu R Krishnan\OneDrive\Desktop\python code\new>git status
On branch master

No commits yet

Untracked files:
  (use "git add <file>..." to include in what will be committed)
        hello.txt

nothing added to commit but untracked files present (use "git add" to track)

C:\Users\Ananthu R Krishnan\OneDrive\Desktop\python code\new>git add hello.txt

C:\Users\Ananthu R Krishnan\OneDrive\Desktop\python code\new>git status
On branch master

No commits yet

Changes to be committed:
  (use "git rm --cached <file>..." to unstage)
        new file:   hello.txt


C:\Users\Ananthu R Krishnan\OneDrive\Desktop\python code\new>git commit -m 'HALLO'
Author identity unknown

*** Please tell me who you are.

Run

  git config --global user.email "you@example.com"
  git config --global user.name "Your Name"

to set your account's default identity.
Omit --global to set the identity only in this repository.

fatal: unable to auto-detect email address (got 'Ananthu R Krishnan@LAPTOP-92A4VHR8.(none)')

C:\Users\Ananthu R Krishnan\OneDrive\Desktop\python code\new> git config --global user.name "Ananthu R krishnan"

C:\Users\Ananthu R Krishnan\OneDrive\Desktop\python code\new> git config --global user.email ananthu0074u@gmail.com

C:\Users\Ananthu R Krishnan\OneDrive\Desktop\python code\new>git commit -m 'HALLO'
[master (root-commit) 3201c8c] 'HALLO'
 1 file changed, 0 insertions(+), 0 deletions(-)
 create mode 100644 hello.txt

C:\Users\Ananthu R Krishnan\OneDrive\Desktop\python code\new>git log
commit 3201c8ca5fc28a77a71081dca03b066cf2757047 (HEAD -> master)
Author: Ananthu R krishnan <ananthu0074u@gmail.com>
Date:   Thu Jul 20 13:17:32 2023 +0530

    'HALLO'

C:\Users\Ananthu R Krishnan\OneDrive\Desktop\python code\new>git status
On branch master
Changes not staged for commit:
  (use "git add <file>..." to update what will be committed)
  (use "git restore <file>..." to discard changes in working directory)
        modified:   hello.txt

no changes added to commit (use "git add" and/or "git commit -a")

C:\Users\Ananthu R Krishnan\OneDrive\Desktop\python code\new>git commit -m 'love message'
error: pathspec 'message'' did not match any file(s) known to git

C:\Users\Ananthu R Krishnan\OneDrive\Desktop\python code\new>git commit -m "hi"
On branch master
Changes not staged for commit:
  (use "git add <file>..." to update what will be committed)
  (use "git restore <file>..." to discard changes in working directory)
        modified:   hello.txt

no changes added to commit (use "git add" and/or "git commit -a")

C:\Users\Ananthu R Krishnan\OneDrive\Desktop\python code\new>git add.
git: 'add.' is not a git command. See 'git --help'.

The most similar command is
        add

C:\Users\Ananthu R Krishnan\OneDrive\Desktop\python code\new>git add .

C:\Users\Ananthu R Krishnan\OneDrive\Desktop\python code\new>git commit -m "hi"
[master 6905cd4] hi
 1 file changed, 1 insertion(+)

C:\Users\Ananthu R Krishnan\OneDrive\Desktop\python code\new>git log
commit 6905cd440103fb6f26d62d84340f5a2ff6526d32 (HEAD -> master)
Author: Ananthu R krishnan <ananthu0074u@gmail.com>
Date:   Thu Jul 20 13:19:28 2023 +0530

    hi

commit 3201c8ca5fc28a77a71081dca03b066cf2757047
Author: Ananthu R krishnan <ananthu0074u@gmail.com>
Date:   Thu Jul 20 13:17:32 2023 +0530

    'HALLO'

C:\Users\Ananthu R Krishnan\OneDrive\Desktop\python code\new>git checkout 3201c8ca5fc28a77a71081dca03b066cf2757047
Note: switching to '3201c8ca5fc28a77a71081dca03b066cf2757047'.

You are in 'detached HEAD' state. You can look around, make experimental
changes and commit them, and you can discard any commits you make in this
state without impacting any branches by switching back to a branch.

If you want to create a new branch to retain commits you create, you may
do so (now or later) by using -c with the switch command. Example:

  git switch -c <new-branch-name>

Or undo this operation with:

  git switch -

Turn off this advice by setting config variable advice.detachedHead to false

HEAD is now at 3201c8c 'HALLO'

C:\Users\Ananthu R Krishnan\OneDrive\Desktop\python code\new>git log
commit 3201c8ca5fc28a77a71081dca03b066cf2757047 (HEAD)
Author: Ananthu R krishnan <ananthu0074u@gmail.com>
Date:   Thu Jul 20 13:17:32 2023 +0530

    'HALLO'

C:\Users\Ananthu R Krishnan\OneDrive\Desktop\python code\new>git log -all
error: switch `l' expects a numerical value

C:\Users\Ananthu R Krishnan\OneDrive\Desktop\python code\new>git log --all
commit 6905cd440103fb6f26d62d84340f5a2ff6526d32 (master)
Author: Ananthu R krishnan <ananthu0074u@gmail.com>
Date:   Thu Jul 20 13:19:28 2023 +0530

    hi

commit 3201c8ca5fc28a77a71081dca03b066cf2757047 (HEAD)
Author: Ananthu R krishnan <ananthu0074u@gmail.com>
Date:   Thu Jul 20 13:17:32 2023 +0530

    'HALLO'

C:\Users\Ananthu R Krishnan\OneDrive\Desktop\python code\new>git checkout master
Previous HEAD position was 3201c8c 'HALLO'
Switched to branch 'master'

C:\Users\Ananthu R Krishnan\OneDrive\Desktop\python code\new>git log
commit 6905cd440103fb6f26d62d84340f5a2ff6526d32 (HEAD -> master)
Author: Ananthu R krishnan <ananthu0074u@gmail.com>
Date:   Thu Jul 20 13:19:28 2023 +0530

    hi

commit 3201c8ca5fc28a77a71081dca03b066cf2757047
Author: Ananthu R krishnan <ananthu0074u@gmail.com>
Date:   Thu Jul 20 13:17:32 2023 +0530

    'HALLO'

C:\Users\Ananthu R Krishnan\OneDrive\Desktop\python code\new>^A



C:\Users\Ananthu R Krishnan\OneDrive\Desktop\python code\new>git status
On branch master
Changes not staged for commit:
  (use "git add <file>..." to update what will be committed)
  (use "git restore <file>..." to discard changes in working directory)
        modified:   hello.txt

no changes added to commit (use "git add" and/or "git commit -a")

C:\Users\Ananthu R Krishnan\OneDrive\Desktop\python code\new>git add .

C:\Users\Ananthu R Krishnan\OneDrive\Desktop\python code\new>git commit -m "Day 1"
[master d5531be] Day 1
 1 file changed, 230 insertions(+), 1 deletion(-)

C:\Users\Ananthu R Krishnan\OneDrive\Desktop\python code\new>git log
commit d5531be4dd3ac2e27beb70f281b5489ec3c256be (HEAD -> master)
Author: Ananthu R krishnan <ananthu0074u@gmail.com>
Date:   Thu Jul 20 13:24:59 2023 +0530

    Day 1

commit 6905cd440103fb6f26d62d84340f5a2ff6526d32
Author: Ananthu R krishnan <ananthu0074u@gmail.com>
Date:   Thu Jul 20 13:19:28 2023 +0530

    hi

commit 3201c8ca5fc28a77a71081dca03b066cf2757047
Author: Ananthu R krishnan <ananthu0074u@gmail.com>
Date:   Thu Jul 20 13:17:32 2023 +0530

    'HALLO'

C:\Users\Ananthu R Krishnan\OneDrive\Desktop\python code\new>